<testsuites id="" name="" tests="1" failures="0" skipped="0" errors="0" time="1.8966840000000003">
<testsuite name="Assertions.spec.js" timestamp="2025-06-23T19:32:34.039Z" hostname="chromium" tests="1" failures="0" skipped="0" time="1.078" errors="0">
<testcase name="AssertionsTest" classname="Assertions.spec.js" time="1.078">
<system-out>
<![CDATA[Page title is Swag Labs
Landing Page is Success...Page Tile is Displayed
Landing Page is Success...Logo is Displayed
Element matches text is Success...
Element contains text is Success...
Input has a value is Success...
Launching Application URL=> Is Sucess
Provide User Name input is Success...
Provide Password input is Success...
Click on Log in Button is Success...
List of elements has given length is Success...
]]>
</system-out>
</testcase>
</testsuite>
</testsuites>